Microchip MPLAB XC8 Compiler V1.37 ()

Linker command line:

-W-3 --edf=C:\Program Files (x86)\Microchip\xc8\v1.37\dat\en_msgs.txt -cs \
  -h+dist/default/production\RTC_HC05_PIC18F4550.X.production.sym \
  --cmf=dist/default/production\RTC_HC05_PIC18F4550.X.production.cmf -z \
  -Q18F4550 -oC:\Users\Welcome\AppData\Local\Temp\sbc0.2 \
  -Mdist/default/production/RTC_HC05_PIC18F4550.X.production.map -E1 \
  -ver=XC8 -ASTACK=07Eh-07ffh -pstack=STACK -ACODE=00h-07FFFh \
  -ACONST=00h-07FFFh -ASMALLCONST=0800h-08FFhx120 \
  -AMEDIUMCONST=0800h-07FFFh -ACOMRAM=01h-05Fh -AABS1=00h-07FFh \
  -ABIGRAM=01h-07FFh -ARAM=060h-0FFh,0100h-01FFhx7 -ABANK0=060h-0FFh \
  -ABANK1=0100h-01FFh -ABANK2=0200h-02FFh -ABANK3=0300h-03FFh \
  -ABANK4=0400h-04FFh -ABANK5=0500h-05FFh -ABANK6=0600h-06FFh \
  -ABANK7=0700h-07FFh -ASFR=0F60h-0FFFh \
  -preset_vec=00h,intcode=08h,intcodelo,powerup,init,end_init \
  -pramtop=0800h -psmallconst=SMALLCONST -pmediumconst=MEDIUMCONST \
  -pconst=CONST -AFARRAM=00h-00h -ACONFIG=0300000h-030000Dh -pconfig=CONFIG \
  -AIDLOC=0200000h-0200007h -pidloc=IDLOC -AEEDATA=0F00000h-0F000FFh \
  -peeprom_data=EEDATA \
  -prdata=COMRAM,nvrram=COMRAM,nvbit=COMRAM,rbss=COMRAM,rbit=COMRAM \
  -pfarbss=FARRAM,fardata=FARRAM,nvFARRAM=FARRAM \
  -pintsave_regs=BIGRAM,bigbss=BIGRAM,bigdata=BIGRAM -pbss=RAM \
  -pidata=CODE,irdata=CODE,ibigdata=CODE,ifardata=CODE -prparam=COMRAM \
  C:\Users\Welcome\AppData\Local\Temp\sbc0.obj \
  dist/default/production\RTC_HC05_PIC18F4550.X.production.obj 

Object code version is 3.11

Machine type is 18F4550

Call graph: (short form)




                Name                               Link     Load   Length Selector   Space Scale
C:\Users\Welcome\AppData\Local\Temp\sbc0.obj
                end_init                             16       16        4        4       0
                reset_vec                             0        0        4        0       0
                idloc                            200000   200000        8   200000       0
                config                           300000   300000        E   300000       0
dist/default/production\RTC_HC05_PIC18F4550.X.production.obj
                intcode                               8        8        E        4       0
                temp                                 40       40        1        1       1
                smallconst                          800      800       90      400       0
                text44                             1A0E     1A0E        8      448       0
                text43                             1886     1886       2C      448       0
                text42                             18D4     18D4       22      448       0
                text41                             1966     1966       12      448       0
                text40                             1998     1998       10      448       0
                text39                             1A06     1A06        8      448       0
                text38                             19FE     19FE        8      448       0
                text37                             114C     114C       A6      448       0
                text36                             15B6     15B6       6C      448       0
                text35                             1916     1916       20      448       0
                text34                             19C4     19C4        E      448       0
                text33                             172C     172C       50      448       0
                text32                             17F6     17F6       38      448       0
                text31                             1468     1468       72      448       0
                text30                             185A     185A       2C      448       0
                intcode_body                        CF6      CF6      1CA      448       0
                text28                             1988     1988       10      448       0
                text27                             154A     154A       6C      448       0
                text26                             18F6     18F6       20      448       0
                text25                             13F6     13F6       72      448       0
                text24                             1302     1302       82      448       0
                text23                              EC0      EC0      148      448       0
                text22                             19DC     19DC        A      448       0
                text21                             19D2     19D2        A      448       0
                text20                             1954     1954       12      448       0
                text19                             19B6     19B6        E      448       0
                text18                             19F6     19F6        8      448       0
                text17                             1978     1978       10      448       0
                text16                             19EE     19EE        8      448       0
                text15                             19E6     19E6        8      448       0
                text14                             18B2     18B2       22      448       0
                text13                             1622     1622       68      448       0
                text12                             19A8     19A8        E      448       0
                text11                             16DC     16DC       50      448       0
                text10                             17BE     17BE       38      448       0
                text9                              1384     1384       72      448       0
                text8                              127E     127E       84      448       0
                text7                              14DA     14DA       70      448       0
                text6                               890      890      26E      448       0
                text5                              182E     182E       2C      448       0
                text4                              168A     168A       52      448       0
                text3                              177C     177C       42      448       0
                text2                              1008     1008      144      448       0
                text1                               AFE      AFE      1F8      448       0
                text0                              11F2     11F2       8C      448       0
                cstackCOMRAM                          1        1       2D        1       1
                cstackBANK0                          60       60       1D       60       1
                bssBANK0                             7D       7D        1       60       1
                bssCOMRAM                            2E       2E       12        1       1
                cinit                              1936     1936       1E      448       0

TOTAL           Name                               Link     Load   Length     Space
        CLASS   STACK          

        CLASS   CODE           
                end_init                             16       16        4         0
                intcode                               8        8        E         0
                reset_vec                             0        0        4         0
                text44                             1A0E     1A0E        8         0
                text43                             1886     1886       2C         0
                text42                             18D4     18D4       22         0
                text41                             1966     1966       12         0
                text40                             1998     1998       10         0
                text39                             1A06     1A06        8         0
                text38                             19FE     19FE        8         0
                text37                             114C     114C       A6         0
                text36                             15B6     15B6       6C         0
                text35                             1916     1916       20         0
                text34                             19C4     19C4        E         0
                text33                             172C     172C       50         0
                text32                             17F6     17F6       38         0
                text31                             1468     1468       72         0
                text30                             185A     185A       2C         0
                intcode_body                        CF6      CF6      1CA         0
                text28                             1988     1988       10         0
                text27                             154A     154A       6C         0
                text26                             18F6     18F6       20         0
                text25                             13F6     13F6       72         0
                text24                             1302     1302       82         0
                text23                              EC0      EC0      148         0
                text22                             19DC     19DC        A         0
                text21                             19D2     19D2        A         0
                text20                             1954     1954       12         0
                text19                             19B6     19B6        E         0
                text18                             19F6     19F6        8         0
                text17                             1978     1978       10         0
                text16                             19EE     19EE        8         0
                text15                             19E6     19E6        8         0
                text14                             18B2     18B2       22         0
                text13                             1622     1622       68         0
                text12                             19A8     19A8        E         0
                text11                             16DC     16DC       50         0
                text10                             17BE     17BE       38         0
                text9                              1384     1384       72         0
                text8                              127E     127E       84         0
                text7                              14DA     14DA       70         0
                text6                               890      890      26E         0
                text5                              182E     182E       2C         0
                text4                              168A     168A       52         0
                text3                              177C     177C       42         0
                text2                              1008     1008      144         0
                text1                               AFE      AFE      1F8         0
                text0                              11F2     11F2       8C         0
                cinit                              1936     1936       1E         0

        CLASS   CONST          

        CLASS   SMALLCONST     
                smallconst                          800      800       90         0

        CLASS   MEDIUMCONST    

        CLASS   COMRAM         
                temp                                 40       40        1         1
                cstackCOMRAM                          1        1       2D         1
                bssCOMRAM                            2E       2E       12         1

        CLASS   ABS1           

        CLASS   BIGRAM         

        CLASS   RAM            

        CLASS   BANK0          
                cstackBANK0                          60       60       1D         1
                bssBANK0                             7D       7D        1         1

        CLASS   BANK1          

        CLASS   BANK2          

        CLASS   BANK3          

        CLASS   BANK4          

        CLASS   BANK5          

        CLASS   BANK6          

        CLASS   BANK7          

        CLASS   SFR            

        CLASS   FARRAM         

        CLASS   CONFIG         
                config                           300000   300000        E         0

        CLASS   IDLOC          
                idloc                            200000   200000        8         0

        CLASS   EEDATA         



SEGMENTS        Name                           Load    Length   Top    Selector   Space  Class

                reset_vec                      000000  000004  000004         0       0  CODE    
                cstackCOMRAM                   000001  000040  000041         1       1  COMRAM  
                intcode                        000008  000012  00001A         4       0  CODE    
                cstackBANK0                    000060  00001E  00007E        60       1  BANK0   
                smallconst                     000800  000090  000890       400       0  SMALLCON
                text6                          000890  001186  001A16       448       0  CODE    
                idloc                          200000  000008  200008    200000       0  IDLOC   
                config                         300000  00000E  30000E    300000       0  CONFIG  


UNUSED ADDRESS RANGES

        Name                Unused          Largest block    Delta
        BANK0            00007E-0000FF               82
        BANK1            000100-0001FF              100
        BANK2            000200-0002FF              100
        BANK3            000300-0003FF              100
        BANK4            000400-0004FF              100
        BANK5            000500-0005FF              100
        BANK6            000600-0006FF              100
        BANK7            000700-0007FF              100
        BIGRAM           000041-00005F               1F
                         00007E-0007FF              782
        CODE             000004-000007                4
                         00001A-0007FF              7E6
                         001A16-007FFF             65EA
        COMRAM           000041-00005F               1F
        CONST            000004-000007                4
                         00001A-0007FF              7E6
                         001A16-007FFF             65EA
        EEDATA           F00000-F000FF              100
        MEDIUMCONST      001A16-007FFF             65EA
        RAM              00007E-0007FF              100
        SFR              000F60-000FFF               A0
        SMALLCONST       001A16-007FFF              100
        STACK            00007E-0007FF              782

                                  Symbol Table

?___awdiv                    cstackCOMRAM 00001B
?___awmod                    cstackCOMRAM 00001B
?___lldiv                    cstackCOMRAM 00001B
?___lwdiv                    cstackCOMRAM 00001B
?___lwmod                    cstackCOMRAM 000022
?_sprintf                    cstackCOMRAM 000027
I2CSend@dat                  cstackCOMRAM 00001C
LCD_Cmd@cmd                  cstackCOMRAM 00001E
LCD_Port@a                   cstackCOMRAM 00001C
LCD_Set_Cursor@t             cstackCOMRAM 000022
LCD_Set_Cursor@temp          cstackCOMRAM 000023
LCD_Set_Cursor@x             cstackCOMRAM 00001F
LCD_Set_Cursor@y             cstackCOMRAM 000020
LCD_Set_Cursor@z             cstackCOMRAM 000021
LCD_Write_Char@c             cstackCOMRAM 00001F
LCD_Write_Char@temp          cstackCOMRAM 00001D
LCD_Write_Char@y             cstackCOMRAM 00001E
LCD_Write_String@i           cstackCOMRAM 000024
LCD_Write_String@str         cstackCOMRAM 000020
UART_ISR@c                   cstackCOMRAM 00001A
UART_Init@baudrate           cstackCOMRAM 000028
UART_Init@x                  cstackCOMRAM 00002C
_ACKDT                       (abs)        007E2D
_ACKEN                       (abs)        007E2C
_BF                          (abs)        007E38
_BRGH                        (abs)        007D62
_CREN                        (abs)        007D5C
_I2CAck                      text22       0019DC
_I2CInit                     text28       001988
_I2CNak                      text21       0019D2
_I2CRead                     text19       0019B6
_I2CRestart                  text18       0019F6
_I2CSend                     text17       001978
_I2CStart                    text16       0019EE
_I2CStop                     text15       0019E6
_I2CWait                     text20       001954
_INTCONbits                  (abs)        000FF2
_LCD_Clear                   text12       0019A8
_LCD_Cmd                     text26       0018F6
_LCD_Init                    text25       0013F6
_LCD_Port                    text27       00154A
_LCD_Set_Cursor              text11       0016DC
_LCD_Write_Char              text10       0017BE
_LCD_Write_String            text9        001384
_PEIE                        (abs)        007F96
_PEN                         (abs)        007E2A
_PIE1bits                    (abs)        000F9D
_PIR1bits                    (abs)        000F9E
_PORTBbits                   (abs)        000F81
_PORTDbits                   (abs)        000F83
_RCEN                        (abs)        007E2B
_RCIE                        (abs)        007CED
_RCIF                        (abs)        007CF5
_RCREG                       (abs)        000FAE
_RSEN                        (abs)        007E29
_SEN                         (abs)        007E28
_SPBRG                       (abs)        000FAF
_SPEN                        (abs)        007D5F
_SSPADD                      (abs)        000FC8
_SSPBUF                      (abs)        000FC9
_SSPCON1                     (abs)        000FC6
_SSPCON2                     (abs)        000FC5
_SSPSTAT                     (abs)        000FC7
_SYNC                        (abs)        007D64
_TRISB0                      (abs)        007C98
_TRISB1                      (abs)        007C99
_TRISBbits                   (abs)        000F93
_TRISC6                      (abs)        007CA6
_TRISC7                      (abs)        007CA7
_TRISD                       (abs)        000F95
_TRMT                        (abs)        007D61
_TXEN                        (abs)        007D65
_TXREG                       (abs)        000FAD
_UART_ISR                    intcode      000008
_UART_Init                   text23       000EC0
_UART_Read                   text44       001A0E
__CFG_BOR$OFF                (abs)        000000
__CFG_BORV$3                 (abs)        000000
__CFG_CCP2MX$OFF             (abs)        000000
__CFG_CP0$OFF                (abs)        000000
__CFG_CP1$OFF                (abs)        000000
__CFG_CP2$OFF                (abs)        000000
__CFG_CP3$OFF                (abs)        000000
__CFG_CPB$OFF                (abs)        000000
__CFG_CPD$OFF                (abs)        000000
__CFG_CPUDIV$OSC1_PLL2       (abs)        000000
__CFG_EBTR0$OFF              (abs)        000000
__CFG_EBTR1$OFF              (abs)        000000
__CFG_EBTR2$OFF              (abs)        000000
__CFG_EBTR3$OFF              (abs)        000000
__CFG_EBTRB$OFF              (abs)        000000
__CFG_FCMEN$OFF              (abs)        000000
__CFG_FOSC$HS                (abs)        000000
__CFG_ICPRT$OFF              (abs)        000000
__CFG_IESO$OFF               (abs)        000000
__CFG_LPT1OSC$OFF            (abs)        000000
__CFG_LVP$OFF                (abs)        000000
__CFG_MCLRE$OFF              (abs)        000000
__CFG_PBADEN$OFF             (abs)        000000
__CFG_PLLDIV$1               (abs)        000000
__CFG_PWRT$OFF               (abs)        000000
__CFG_STVREN$OFF             (abs)        000000
__CFG_USBDIV$1               (abs)        000000
__CFG_VREGEN$OFF             (abs)        000000
__CFG_WDT$OFF                (abs)        000000
__CFG_WDTPS$32768            (abs)        000000
__CFG_WRT0$OFF               (abs)        000000
__CFG_WRT1$OFF               (abs)        000000
__CFG_WRT2$OFF               (abs)        000000
__CFG_WRT3$OFF               (abs)        000000
__CFG_WRTB$OFF               (abs)        000000
__CFG_WRTC$OFF               (abs)        000000
__CFG_WRTD$OFF               (abs)        000000
__CFG_XINST$OFF              (abs)        000000
__HRAM                       (abs)        000000
__Habs1                      abs1         000000
__Hbank0                     bank0        000000
__Hbank1                     bank1        000000
__Hbank2                     bank2        000000
__Hbank3                     bank3        000000
__Hbank4                     bank4        000000
__Hbank5                     bank5        000000
__Hbank6                     bank6        000000
__Hbank7                     bank7        000000
__Hbigbss                    bigbss       000000
__Hbigdata                   bigdata      000000
__Hbigram                    bigram       000000
__Hbss                       bss          000000
__HbssBANK0                  bssBANK0     000000
__HbssCOMRAM                 bssCOMRAM    000000
__Hcinit                     cinit        000000
__Hclrtext                   clrtext      000000
__Hcomram                    comram       000000
__Hconfig                    config       30000E
__Hconst                     const        000000
__HcstackBANK0               cstackBANK0  000000
__HcstackCOMRAM              cstackCOMRAM 000000
__Hdata                      data         000000
__Heeprom_data               eeprom_data  000000
__Hend_init                  end_init     00001A
__Hfarbss                    farbss       000000
__Hfardata                   fardata      000000
__Hibigdata                  ibigdata     000000
__Hidata                     idata        000000
__Hidloc                     idloc        200008
__Hifardata                  ifardata     000000
__Hinit                      init         000016
__Hintcode                   intcode      000016
__Hintcode_body              intcode_body 000000
__Hintcodelo                 intcodelo    000016
__Hintentry                  intentry     000000
__Hintret                    intret       000000
__Hintsave_regs              intsave_regs 000000
__Hirdata                    irdata       000000
__Hmediumconst               mediumconst  000000
__HnvFARRAM                  nvFARRAM     000000
__Hnvbit                     nvbit        000000
__Hnvrram                    nvrram       000000
__Hparam                     rparam       000000
__Hpowerup                   powerup      000016
__Hram                       ram          000000
__Hramtop                    ramtop       000800
__Hrbit                      rbit         000000
__Hrbss                      rbss         000000
__Hrdata                     rdata        000000
__Hreset_vec                 reset_vec    000004
__Hrparam                    rparam       000000
__Hsfr                       sfr          000000
__Hsmallconst                smallconst   000890
__Hspace_0                   (abs)        30000E
__Hspace_1                   (abs)        00007E
__Hspace_2                   (abs)        000000
__Hstack                     stack        000000
__Hstruct                    struct       000000
__Htemp                      temp         000041
__Htext                      text         000000
__Htext0                     text0        000000
__Htext1                     text1        000000
__Htext10                    text10       000000
__Htext11                    text11       000000
__Htext12                    text12       000000
__Htext13                    text13       000000
__Htext14                    text14       000000
__Htext15                    text15       000000
__Htext16                    text16       000000
__Htext17                    text17       000000
__Htext18                    text18       000000
__Htext19                    text19       000000
__Htext2                     text2        000000
__Htext20                    text20       000000
__Htext21                    text21       000000
__Htext22                    text22       000000
__Htext23                    text23       000000
__Htext24                    text24       000000
__Htext25                    text25       000000
__Htext26                    text26       000000
__Htext27                    text27       000000
__Htext28                    text28       000000
__Htext3                     text3        000000
__Htext30                    text30       000000
__Htext31                    text31       000000
__Htext32                    text32       000000
__Htext33                    text33       000000
__Htext34                    text34       000000
__Htext35                    text35       000000
__Htext36                    text36       000000
__Htext37                    text37       000000
__Htext38                    text38       000000
__Htext39                    text39       000000
__Htext4                     text4        000000
__Htext40                    text40       000000
__Htext41                    text41       000000
__Htext42                    text42       000000
__Htext43                    text43       000000
__Htext44                    text44       000000
__Htext5                     text5        000000
__Htext6                     text6        000000
__Htext7                     text7        000000
__Htext8                     text8        000000
__Htext9                     text9        000000
__LRAM                       (abs)        000001
__Labs1                      abs1         000000
__Lbank0                     bank0        000000
__Lbank1                     bank1        000000
__Lbank2                     bank2        000000
__Lbank3                     bank3        000000
__Lbank4                     bank4        000000
__Lbank5                     bank5        000000
__Lbank6                     bank6        000000
__Lbank7                     bank7        000000
__Lbigbss                    bigbss       000000
__Lbigdata                   bigdata      000000
__Lbigram                    bigram       000000
__Lbss                       bss          000000
__LbssBANK0                  bssBANK0     000000
__LbssCOMRAM                 bssCOMRAM    000000
__Lcinit                     cinit        000000
__Lclrtext                   clrtext      000000
__Lcomram                    comram       000000
__Lconfig                    config       300000
__Lconst                     const        000000
__LcstackBANK0               cstackBANK0  000000
__LcstackCOMRAM              cstackCOMRAM 000000
__Ldata                      data         000000
__Leeprom_data               eeprom_data  000000
__Lend_init                  end_init     000016
__Lfarbss                    farbss       000000
__Lfardata                   fardata      000000
__Libigdata                  ibigdata     000000
__Lidata                     idata        000000
__Lidloc                     idloc        200000
__Lifardata                  ifardata     000000
__Linit                      init         000016
__Lintcode                   intcode      000008
__Lintcode_body              intcode_body 000000
__Lintcodelo                 intcodelo    000016
__Lintentry                  intentry     000000
__Lintret                    intret       000000
__Lintsave_regs              intsave_regs 000000
__Lirdata                    irdata       000000
__Lmediumconst               mediumconst  000000
__LnvFARRAM                  nvFARRAM     000000
__Lnvbit                     nvbit        000000
__Lnvrram                    nvrram       000000
__Lparam                     rparam       000000
__Lpowerup                   powerup      000016
__Lram                       ram          000000
__Lramtop                    ramtop       000800
__Lrbit                      rbit         000000
__Lrbss                      rbss         000000
__Lrdata                     rdata        000000
__Lreset_vec                 reset_vec    000000
__Lrparam                    rparam       000000
__Lsfr                       sfr          000000
__Lsmallconst                smallconst   000800
__Lspace_0                   (abs)        000000
__Lspace_1                   (abs)        000000
__Lspace_2                   (abs)        000000
__Lstack                     stack        000000
__Lstruct                    struct       000000
__Ltemp                      temp         000040
__Ltext                      text         000000
__Ltext0                     text0        000000
__Ltext1                     text1        000000
__Ltext10                    text10       000000
__Ltext11                    text11       000000
__Ltext12                    text12       000000
__Ltext13                    text13       000000
__Ltext14                    text14       000000
__Ltext15                    text15       000000
__Ltext16                    text16       000000
__Ltext17                    text17       000000
__Ltext18                    text18       000000
__Ltext19                    text19       000000
__Ltext2                     text2        000000
__Ltext20                    text20       000000
__Ltext21                    text21       000000
__Ltext22                    text22       000000
__Ltext23                    text23       000000
__Ltext24                    text24       000000
__Ltext25                    text25       000000
__Ltext26                    text26       000000
__Ltext27                    text27       000000
__Ltext28                    text28       000000
__Ltext3                     text3        000000
__Ltext30                    text30       000000
__Ltext31                    text31       000000
__Ltext32                    text32       000000
__Ltext33                    text33       000000
__Ltext34                    text34       000000
__Ltext35                    text35       000000
__Ltext36                    text36       000000
__Ltext37                    text37       000000
__Ltext38                    text38       000000
__Ltext39                    text39       000000
__Ltext4                     text4        000000
__Ltext40                    text40       000000
__Ltext41                    text41       000000
__Ltext42                    text42       000000
__Ltext43                    text43       000000
__Ltext44                    text44       000000
__Ltext5                     text5        000000
__Ltext6                     text6        000000
__Ltext7                     text7        000000
__Ltext8                     text8        000000
__Ltext9                     text9        000000
__S0                         (abs)        30000E
__S1                         (abs)        00007E
__S2                         (abs)        000000
___awdiv                     text8        00127E
___awdiv@counter             cstackCOMRAM 00001F
___awdiv@dividend            cstackCOMRAM 00001B
___awdiv@divisor             cstackCOMRAM 00001D
___awdiv@quotient            cstackCOMRAM 000021
___awdiv@sign                cstackCOMRAM 000020
___awmod                     text7        0014DA
___awmod@counter             cstackCOMRAM 00001F
___awmod@dividend            cstackCOMRAM 00001B
___awmod@divisor             cstackCOMRAM 00001D
___awmod@sign                cstackCOMRAM 000020
___inthi_sp                  stack        000000
___intlo_sp                  stack        000000
___lldiv                     text24       001302
___lldiv@counter             cstackCOMRAM 000027
___lldiv@dividend            cstackCOMRAM 00001B
___lldiv@divisor             cstackCOMRAM 00001F
___lldiv@quotient            cstackCOMRAM 000023
___lwdiv                     text4        00168A
___lwdiv@counter             cstackCOMRAM 00001F
___lwdiv@dividend            cstackCOMRAM 00001B
___lwdiv@divisor             cstackCOMRAM 00001D
___lwdiv@quotient            cstackCOMRAM 000020
___lwmod                     text3        00177C
___lwmod@counter             cstackCOMRAM 000026
___lwmod@dividend            cstackCOMRAM 000022
___lwmod@divisor             cstackCOMRAM 000024
___param_bank                (abs)        000010
___rparam_used               (abs)        000001
___sp                        stack        000000
__accesstop                  (abs)        000060
__activetblptr               (abs)        000002
__end_of_I2CAck              text22       0019E6
__end_of_I2CInit             text28       001998
__end_of_I2CNak              text21       0019DC
__end_of_I2CRead             text19       0019C4
__end_of_I2CRestart          text18       0019FE
__end_of_I2CSend             text17       001988
__end_of_I2CStart            text16       0019F6
__end_of_I2CStop             text15       0019EE
__end_of_I2CWait             text20       001966
__end_of_LCD_Clear           text12       0019B6
__end_of_LCD_Cmd             text26       001916
__end_of_LCD_Init            text25       001468
__end_of_LCD_Port            text27       0015B6
__end_of_LCD_Set_Cursor      text11       00172C
__end_of_LCD_Write_Char      text10       0017F6
__end_of_LCD_Write_String    text9        0013F6
__end_of_UART_ISR            intcode_body 000EC0
__end_of_UART_Init           text23       001008
__end_of_UART_Read           text44       001A16
__end_of___awdiv             text8        001302
__end_of___awmod             text7        00154A
__end_of___lldiv             text24       001384
__end_of___lwdiv             text4        0016DC
__end_of___lwmod             text3        0017BE
__end_of__initialization     cinit        001946
__end_of_bcd2bin             text14       0018D4
__end_of_bin2bcd             text42       0018F6
__end_of_clearBuffer         text43       0018B2
__end_of_delay_ms            text5        00185A
__end_of_dpowers             smallconst   00080B
__end_of_ds1307_getData      text13       00168A
__end_of_ds1307_setData      text37       0011F2
__end_of_main                text0        00127E
__end_of_showClock           text6        000AFE
__end_of_showLoadScreen      text1        000CF6
__end_of_sprintf             text2        00114C
__end_ofi2_I2CSend           text40       0019A8
__end_ofi2_I2CStart          text39       001A0E
__end_ofi2_I2CStop           text38       001A06
__end_ofi2_I2CWait           text41       001978
__end_ofi2_LCD_Clear         text34       0019D2
__end_ofi2_LCD_Cmd           text35       001936
__end_ofi2_LCD_Port          text36       001622
__end_ofi2_LCD_Set_Cursor    text33       00177C
__end_ofi2_LCD_Write_Char    text32       00182E
__end_ofi2_LCD_Write_String  text31       0014DA
__end_ofi2_delay_ms          text30       001886
__initialization             cinit        001936
__mediumconst                mediumconst  000000
__pbssBANK0                  bssBANK0     00007D
__pbssCOMRAM                 bssCOMRAM    00002E
__pcinit                     cinit        001936
__pcstackBANK0               cstackBANK0  000060
__pcstackCOMRAM              cstackCOMRAM 000001
__pintcode                   intcode      000008
__pintcode_body              intcode_body 000CF6
__psmallconst                smallconst   000800
__ptext0                     text0        0011F2
__ptext1                     text1        000AFE
__ptext10                    text10       0017BE
__ptext11                    text11       0016DC
__ptext12                    text12       0019A8
__ptext13                    text13       001622
__ptext14                    text14       0018B2
__ptext15                    text15       0019E6
__ptext16                    text16       0019EE
__ptext17                    text17       001978
__ptext18                    text18       0019F6
__ptext19                    text19       0019B6
__ptext2                     text2        001008
__ptext20                    text20       001954
__ptext21                    text21       0019D2
__ptext22                    text22       0019DC
__ptext23                    text23       000EC0
__ptext24                    text24       001302
__ptext25                    text25       0013F6
__ptext26                    text26       0018F6
__ptext27                    text27       00154A
__ptext28                    text28       001988
__ptext3                     text3        00177C
__ptext30                    text30       00185A
__ptext31                    text31       001468
__ptext32                    text32       0017F6
__ptext33                    text33       00172C
__ptext34                    text34       0019C4
__ptext35                    text35       001916
__ptext36                    text36       0015B6
__ptext37                    text37       00114C
__ptext38                    text38       0019FE
__ptext39                    text39       001A06
__ptext4                     text4        00168A
__ptext40                    text40       001998
__ptext41                    text41       001966
__ptext42                    text42       0018D4
__ptext43                    text43       001886
__ptext44                    text44       001A0E
__ptext5                     text5        00182E
__ptext6                     text6        000890
__ptext7                     text7        0014DA
__ptext8                     text8        00127E
__ptext9                     text9        001384
__ramtop                     ramtop       000800
__size_of_I2CAck             (abs)        000000
__size_of_I2CInit            (abs)        000000
__size_of_I2CNak             (abs)        000000
__size_of_I2CRead            (abs)        000000
__size_of_I2CRestart         (abs)        000000
__size_of_I2CSend            (abs)        000000
__size_of_I2CStart           (abs)        000000
__size_of_I2CStop            (abs)        000000
__size_of_I2CWait            (abs)        000000
__size_of_LCD_Clear          (abs)        000000
__size_of_LCD_Cmd            (abs)        000000
__size_of_LCD_Init           (abs)        000000
__size_of_LCD_Port           (abs)        000000
__size_of_LCD_Set_Cursor     (abs)        000000
__size_of_LCD_Write_Char     (abs)        000000
__size_of_LCD_Write_String   (abs)        000000
__size_of_UART_ISR           (abs)        000000
__size_of_UART_Init          (abs)        000000
__size_of_UART_Read          (abs)        000000
__size_of___awdiv            (abs)        000000
__size_of___awmod            (abs)        000000
__size_of___lldiv            (abs)        000000
__size_of___lwdiv            (abs)        000000
__size_of___lwmod            (abs)        000000
__size_of_bcd2bin            (abs)        000000
__size_of_bin2bcd            (abs)        000000
__size_of_clearBuffer        (abs)        000000
__size_of_delay_ms           (abs)        000000
__size_of_ds1307_getData     (abs)        000000
__size_of_ds1307_setData     (abs)        000000
__size_of_main               (abs)        000000
__size_of_showClock          (abs)        000000
__size_of_showLoadScreen     (abs)        000000
__size_of_sprintf            (abs)        000000
__size_ofi2_I2CSend          (abs)        000000
__size_ofi2_I2CStart         (abs)        000000
__size_ofi2_I2CStop          (abs)        000000
__size_ofi2_I2CWait          (abs)        000000
__size_ofi2_LCD_Clear        (abs)        000000
__size_ofi2_LCD_Cmd          (abs)        000000
__size_ofi2_LCD_Port         (abs)        000000
__size_ofi2_LCD_Set_Cursor   (abs)        000000
__size_ofi2_LCD_Write_Char   (abs)        000000
__size_ofi2_LCD_Write_String (abs)        000000
__size_ofi2_delay_ms         (abs)        000000
__smallconst                 smallconst   000800
_bcd2bin                     text14       0018B2
_bin2bcd                     text42       0018D4
_clearBuffer                 text43       001886
_delay_ms                    text5        00182E
_dpowers                     smallconst   000801
_ds1307_getData              text13       001622
_ds1307_setData              text37       00114C
_i                           bssCOMRAM    00002E
_isSetClock                  bssBANK0     00007D
_main                        text0        0011F2
_showClock                   text6        000890
_showLoadScreen              text1        000AFE
_sprintf                     text2        001008
_uartBuffer                  bssCOMRAM    000030
bcd2bin@bcd_value            cstackCOMRAM 00001C
bcd2bin@temp                 cstackCOMRAM 00001D
bin2bcd@binary_value         cstackCOMRAM 000001
bin2bcd@retval               cstackCOMRAM 000002
bin2bcd@temp                 cstackCOMRAM 000003
btemp                        temp         000040
clearBuffer@buffer           cstackCOMRAM 000001
clearBuffer@bufferSize       cstackCOMRAM 000003
clearBuffer@i                cstackCOMRAM 000005
delay_ms@duration            cstackCOMRAM 00001B
delay_ms@i                   cstackCOMRAM 00001E
ds1307_getData@buffer        cstackCOMRAM 00001E
ds1307_getData@j             cstackCOMRAM 000020
ds1307_setData@iData         cstackCOMRAM 000004
ds1307_setData@j             cstackCOMRAM 000006
end_of_initialization        cinit        001946
i2I2CSend@dat                cstackCOMRAM 000002
i2LCD_Cmd@cmd                cstackCOMRAM 000004
i2LCD_Port@a                 cstackCOMRAM 000002
i2LCD_Set_Cursor@t           cstackCOMRAM 000008
i2LCD_Set_Cursor@temp        cstackCOMRAM 000009
i2LCD_Set_Cursor@x           cstackCOMRAM 000005
i2LCD_Set_Cursor@y           cstackCOMRAM 000006
i2LCD_Set_Cursor@z           cstackCOMRAM 000007
i2LCD_Write_Char@c           cstackCOMRAM 000005
i2LCD_Write_Char@temp        cstackCOMRAM 000003
i2LCD_Write_Char@y           cstackCOMRAM 000004
i2LCD_Write_String@i         cstackCOMRAM 00000A
i2LCD_Write_String@str       cstackCOMRAM 000006
i2_I2CSend                   text40       001998
i2_I2CStart                  text39       001A06
i2_I2CStop                   text38       0019FE
i2_I2CWait                   text41       001966
i2_LCD_Clear                 text34       0019C4
i2_LCD_Cmd                   text35       001916
i2_LCD_Port                  text36       0015B6
i2_LCD_Set_Cursor            text33       00172C
i2_LCD_Write_Char            text32       0017F6
i2_LCD_Write_String          text31       001468
i2_delay_ms                  text30       00185A
i2delay_ms@duration          cstackCOMRAM 000001
i2delay_ms@i                 cstackCOMRAM 000004
int$flags                    temp         000040
int_func                     intcode_body 000CF6
intlevel0                    text         000000
intlevel1                    text         000000
intlevel2                    text         000000
intlevel3                    text         000000
main@RTC_data                cstackBANK0  000075
showClock@RTC_data           cstackCOMRAM 000026
showLoadScreen@j             cstackBANK0  000073
showLoadScreen@k             cstackBANK0  000071
showLoadScreen@s             cstackBANK0  000067
sprintf@ap                   cstackBANK0  000061
sprintf@c                    cstackBANK0  000066
sprintf@f                    cstackCOMRAM 000029
sprintf@flag                 cstackBANK0  000060
sprintf@prec                 cstackBANK0  000065
sprintf@sp                   cstackCOMRAM 000027
sprintf@val                  cstackBANK0  000063
stackhi                      (abs)        0007FF
stacklo                      (abs)        00007E
start                        init         000016
start_initialization         cinit        001936


FUNCTION INFORMATION:

 *************** function _main *****************
 Defined at:
		line 247 in file "Main.c"
 Parameters:    Size  Location     Type
		None
 Auto vars:     Size  Location     Type
  RTC_data        8   21[BANK0 ] unsigned char [8]
 Return value:  Size  Location     Type
                  2  262[None  ] int 
 Registers used:
		wreg, fsr0l, fsr0h, fsr2l, fsr2h, status,2, status,0, tblptrl, tblptrh, tblptru, prodl, prodh, cstack
 Tracked objects:
		On entry : 
		On exit  : 
		Unchanged: 
 Data sizes:     COMRAM   BANK0   BANK1   BANK2   BANK3   BANK4   BANK5   BANK6   BANK7
      Params:         0       0       0       0       0       0       0       0       0
      Locals:         0       8       0       0       0       0       0       0       0
      Temps:          0       0       0       0       0       0       0       0       0
      Totals:         0       8       0       0       0       0       0       0       0
Total ram usage:        8 bytes
 Hardware stack levels required when called:    8
 This function calls:
		_I2CInit
		_LCD_Clear
		_LCD_Init
		_LCD_Write_String
		_UART_Init
		_delay_ms
		_ds1307_getData
		_showClock
		_showLoadScreen
 This function is called by:
		Startup code after reset
 This function uses a non-reentrant model


 *************** function _showLoadScreen *****************
 Defined at:
		line 195 in file "Main.c"
 Parameters:    Size  Location     Type
		None
 Auto vars:     Size  Location     Type
  s              10    7[BANK0 ] unsigned char [10]
  j               2   19[BANK0 ] int 
  k               2   17[BANK0 ] int 
 Return value:  Size  Location     Type
                  1    wreg      void 
 Registers used:
		wreg, fsr0l, fsr0h, fsr2l, fsr2h, status,2, status,0, tblptrl, tblptrh, tblptru, prodl, prodh, cstack
 Tracked objects:
		On entry : 
		On exit  : 
		Unchanged: 
 Data sizes:     COMRAM   BANK0   BANK1   BANK2   BANK3   BANK4   BANK5   BANK6   BANK7
      Params:         0       0       0       0       0       0       0       0       0
      Locals:         0      14       0       0       0       0       0       0       0
      Temps:          0       0       0       0       0       0       0       0       0
      Totals:         0      14       0       0       0       0       0       0       0
Total ram usage:       14 bytes
 Hardware stack levels used:    1
 Hardware stack levels required when called:    7
 This function calls:
		_LCD_Clear
		_LCD_Set_Cursor
		_LCD_Write_Char
		_LCD_Write_String
		___awdiv
		___awmod
		_delay_ms
		_sprintf
 This function is called by:
		_main
 This function uses a non-reentrant model


 *************** function _sprintf *****************
 Defined at:
		line 492 in file "C:\Program Files (x86)\Microchip\xc8\v1.37\sources\common\doprnt.c"
 Parameters:    Size  Location     Type
  sp              2   38[COMRAM] PTR unsigned char 
		 -> showLoadScreen@s(10), 
  f               2   40[COMRAM] PTR const unsigned char 
		 -> STR_9(3), STR_8(3), 
 Auto vars:     Size  Location     Type
  tmpval          4    0        struct .
  cp              3    0        PTR const unsigned char 
  val             2    3[BANK0 ] unsigned int 
  ap              2    1[BANK0 ] PTR void [1]
		 -> ?_sprintf(2), 
  len             2    0        unsigned int 
  c               1    6[BANK0 ] char 
  prec            1    5[BANK0 ] char 
  flag            1    0[BANK0 ] unsigned char 
 Return value:  Size  Location     Type
                  2   38[COMRAM] int 
 Registers used:
		wreg, fsr2l, fsr2h, status,2, status,0, tblptrl, tblptrh, tblptru, prodl, prodh, cstack
 Tracked objects:
		On entry : 
		On exit  : 
		Unchanged: 
 Data sizes:     COMRAM   BANK0   BANK1   BANK2   BANK3   BANK4   BANK5   BANK6   BANK7
      Params:         6       0       0       0       0       0       0       0       0
      Locals:         0       7       0       0       0       0       0       0       0
      Temps:          0       0       0       0       0       0       0       0       0
      Totals:         6       7       0       0       0       0       0       0       0
Total ram usage:       13 bytes
 Hardware stack levels used:    1
 Hardware stack levels required when called:    5
 This function calls:
		___lwdiv
		___lwmod
 This function is called by:
		_showLoadScreen
 This function uses a non-reentrant model


 *************** function ___lwmod *****************
 Defined at:
		line 8 in file "C:\Program Files (x86)\Microchip\xc8\v1.37\sources\common\lwmod.c"
 Parameters:    Size  Location     Type
  dividend        2   33[COMRAM] unsigned int 
  divisor         2   35[COMRAM] unsigned int 
 Auto vars:     Size  Location     Type
  counter         1   37[COMRAM] unsigned char 
 Return value:  Size  Location     Type
                  2   33[COMRAM] unsigned int 
 Registers used:
		wreg, status,2, status,0
 Tracked objects:
		On entry : 
		On exit  : 
		Unchanged: 
 Data sizes:     COMRAM   BANK0   BANK1   BANK2   BANK3   BANK4   BANK5   BANK6   BANK7
      Params:         4       0       0       0       0       0       0       0       0
      Locals:         1       0       0       0       0       0       0       0       0
      Temps:          0       0       0       0       0       0       0       0       0
      Totals:         5       0       0       0       0       0       0       0       0
Total ram usage:        5 bytes
 Hardware stack levels used:    1
 Hardware stack levels required when called:    4
 This function calls:
		Nothing
 This function is called by:
		_sprintf
 This function uses a non-reentrant model


 *************** function ___lwdiv *****************
 Defined at:
		line 8 in file "C:\Program Files (x86)\Microchip\xc8\v1.37\sources\common\lwdiv.c"
 Parameters:    Size  Location     Type
  dividend        2   26[COMRAM] unsigned int 
  divisor         2   28[COMRAM] unsigned int 
 Auto vars:     Size  Location     Type
  quotient        2   31[COMRAM] unsigned int 
  counter         1   30[COMRAM] unsigned char 
 Return value:  Size  Location     Type
                  2   26[COMRAM] unsigned int 
 Registers used:
		wreg, status,2, status,0
 Tracked objects:
		On entry : 
		On exit  : 
		Unchanged: 
 Data sizes:     COMRAM   BANK0   BANK1   BANK2   BANK3   BANK4   BANK5   BANK6   BANK7
      Params:         4       0       0       0       0       0       0       0       0
      Locals:         3       0       0       0       0       0       0       0       0
      Temps:          0       0       0       0       0       0       0       0       0
      Totals:         7       0       0       0       0       0       0       0       0
Total ram usage:        7 bytes
 Hardware stack levels used:    1
 Hardware stack levels required when called:    4
 This function calls:
		Nothing
 This function is called by:
		_sprintf
 This function uses a non-reentrant model


 *************** function _delay_ms *****************
 Defined at:
		line 89 in file "Main.c"
 Parameters:    Size  Location     Type
  duration        2   26[COMRAM] unsigned int 
 Auto vars:     Size  Location     Type
  i               2   29[COMRAM] int 
 Return value:  Size  Location     Type
                  1    wreg      void 
 Registers used:
		wreg, status,2, status,0
 Tracked objects:
		On entry : 
		On exit  : 
		Unchanged: 
 Data sizes:     COMRAM   BANK0   BANK1   BANK2   BANK3   BANK4   BANK5   BANK6   BANK7
      Params:         2       0       0       0       0       0       0       0       0
      Locals:         2       0       0       0       0       0       0       0       0
      Temps:          1       0       0       0       0       0       0       0       0
      Totals:         5       0       0       0       0       0       0       0       0
Total ram usage:        5 bytes
 Hardware stack levels used:    1
 Hardware stack levels required when called:    4
 This function calls:
		Nothing
 This function is called by:
		_showLoadScreen
		_main
 This function uses a non-reentrant model


 *************** function _showClock *****************
 Defined at:
		line 160 in file "Main.c"
 Parameters:    Size  Location     Type
  RTC_data        2   37[COMRAM] PTR unsigned char 
		 -> main@RTC_data(8), 
 Auto vars:     Size  Location     Type
		None
 Return value:  Size  Location     Type
                  1    wreg      void 
 Registers used:
		wreg, fsr0l, fsr0h, fsr2l, fsr2h, status,2, status,0, tblptrl, tblptrh, tblptru, cstack
 Tracked objects:
		On entry : 
		On exit  : 
		Unchanged: 
 Data sizes:     COMRAM   BANK0   BANK1   BANK2   BANK3   BANK4   BANK5   BANK6   BANK7
      Params:         2       0       0       0       0       0       0       0       0
      Locals:         0       0       0       0       0       0       0       0       0
      Temps:          1       0       0       0       0       0       0       0       0
      Totals:         3       0       0       0       0       0       0       0       0
Total ram usage:        3 bytes
 Hardware stack levels used:    1
 Hardware stack levels required when called:    7
 This function calls:
		_LCD_Clear
		_LCD_Set_Cursor
		_LCD_Write_Char
		_LCD_Write_String
		___awdiv
		___awmod
 This function is called by:
		_main
 This function uses a non-reentrant model


 *************** function ___awmod *****************
 Defined at:
		line 8 in file "C:\Program Files (x86)\Microchip\xc8\v1.37\sources\common\awmod.c"
 Parameters:    Size  Location     Type
  dividend        2   26[COMRAM] int 
  divisor         2   28[COMRAM] int 
 Auto vars:     Size  Location     Type
  sign            1   31[COMRAM] unsigned char 
  counter         1   30[COMRAM] unsigned char 
 Return value:  Size  Location     Type
                  2   26[COMRAM] int 
 Registers used:
		wreg, status,2, status,0
 Tracked objects:
		On entry : 
		On exit  : 
		Unchanged: 
 Data sizes:     COMRAM   BANK0   BANK1   BANK2   BANK3   BANK4   BANK5   BANK6   BANK7
      Params:         4       0       0       0       0       0       0       0       0
      Locals:         2       0       0       0       0       0       0       0       0
      Temps:          0       0       0       0       0       0       0       0       0
      Totals:         6       0       0       0       0       0       0       0       0
Total ram usage:        6 bytes
 Hardware stack levels used:    1
 Hardware stack levels required when called:    4
 This function calls:
		Nothing
 This function is called by:
		_showClock
		_showLoadScreen
 This function uses a non-reentrant model


 *************** function ___awdiv *****************
 Defined at:
		line 8 in file "C:\Program Files (x86)\Microchip\xc8\v1.37\sources\common\awdiv.c"
 Parameters:    Size  Location     Type
  dividend        2   26[COMRAM] int 
  divisor         2   28[COMRAM] int 
 Auto vars:     Size  Location     Type
  quotient        2   32[COMRAM] int 
  sign            1   31[COMRAM] unsigned char 
  counter         1   30[COMRAM] unsigned char 
 Return value:  Size  Location     Type
                  2   26[COMRAM] int 
 Registers used:
		wreg, status,2, status,0
 Tracked objects:
		On entry : 
		On exit  : 
		Unchanged: 
 Data sizes:     COMRAM   BANK0   BANK1   BANK2   BANK3   BANK4   BANK5   BANK6   BANK7
      Params:         4       0       0       0       0       0       0       0       0
      Locals:         4       0       0       0       0       0       0       0       0
      Temps:          0       0       0       0       0       0       0       0       0
      Totals:         8       0       0       0       0       0       0       0       0
Total ram usage:        8 bytes
 Hardware stack levels used:    1
 Hardware stack levels required when called:    4
 This function calls:
		Nothing
 This function is called by:
		_showClock
		_showLoadScreen
 This function uses a non-reentrant model


 *************** function _LCD_Write_String *****************
 Defined at:
		line 78 in file "LCD.h"
 Parameters:    Size  Location     Type
  str             2   31[COMRAM] PTR unsigned char 
		 -> STR_12(16), STR_11(15), STR_10(16), showLoadScreen@s(10), 
		 -> STR_7(11), STR_6(16), STR_5(17), STR_4(4), 
		 -> STR_3(17), STR_2(17), STR_1(17), uartBuffer(16), 
 Auto vars:     Size  Location     Type
  i               2   35[COMRAM] int 
 Return value:  Size  Location     Type
                  1    wreg      void 
 Registers used:
		wreg, fsr0l, fsr0h, status,2, status,0, tblptrl, tblptrh, tblptru, cstack
 Tracked objects:
		On entry : 
		On exit  : 
		Unchanged: 
 Data sizes:     COMRAM   BANK0   BANK1   BANK2   BANK3   BANK4   BANK5   BANK6   BANK7
      Params:         2       0       0       0       0       0       0       0       0
      Locals:         2       0       0       0       0       0       0       0       0
      Temps:          2       0       0       0       0       0       0       0       0
      Totals:         6       0       0       0       0       0       0       0       0
Total ram usage:        6 bytes
 Hardware stack levels used:    1
 Hardware stack levels required when called:    6
 This function calls:
		_LCD_Write_Char
 This function is called by:
		_showClock
		_showLoadScreen
		_main
 This function uses a non-reentrant model


 *************** function _LCD_Write_Char *****************
 Defined at:
		line 63 in file "LCD.h"
 Parameters:    Size  Location     Type
  c               1    wreg     unsigned char 
 Auto vars:     Size  Location     Type
  c               1   30[COMRAM] unsigned char 
  y               1   29[COMRAM] unsigned char 
  temp            1   28[COMRAM] unsigned char 
 Return value:  Size  Location     Type
                  1    wreg      void 
 Registers used:
		wreg, status,2, status,0, cstack
 Tracked objects:
		On entry : 
		On exit  : 
		Unchanged: 
 Data sizes:     COMRAM   BANK0   BANK1   BANK2   BANK3   BANK4   BANK5   BANK6   BANK7
      Params:         0       0       0       0       0       0       0       0       0
      Locals:         3       0       0       0       0       0       0       0       0
      Temps:          0       0       0       0       0       0       0       0       0
      Totals:         3       0       0       0       0       0       0       0       0
Total ram usage:        3 bytes
 Hardware stack levels used:    1
 Hardware stack levels required when called:    5
 This function calls:
		_LCD_Port
 This function is called by:
		_LCD_Write_String
		_showClock
		_showLoadScreen
 This function uses a non-reentrant model


 *************** function _LCD_Set_Cursor *****************
 Defined at:
		line 27 in file "LCD.h"
 Parameters:    Size  Location     Type
  y               1    wreg     unsigned char 
  x               1   30[COMRAM] unsigned char 
 Auto vars:     Size  Location     Type
  y               1   31[COMRAM] unsigned char 
  temp            1   34[COMRAM] unsigned char 
  t               1   33[COMRAM] unsigned char 
  z               1   32[COMRAM] unsigned char 
 Return value:  Size  Location     Type
                  1    wreg      void 
 Registers used:
		wreg, status,2, status,0, cstack
 Tracked objects:
		On entry : 
		On exit  : 
		Unchanged: 
 Data sizes:     COMRAM   BANK0   BANK1   BANK2   BANK3   BANK4   BANK5   BANK6   BANK7
      Params:         1       0       0       0       0       0       0       0       0
      Locals:         4       0       0       0       0       0       0       0       0
      Temps:          0       0       0       0       0       0       0       0       0
      Totals:         5       0       0       0       0       0       0       0       0
Total ram usage:        5 bytes
 Hardware stack levels used:    1
 Hardware stack levels required when called:    6
 This function calls:
		_LCD_Cmd
 This function is called by:
		_showClock
		_showLoadScreen
 This function uses a non-reentrant model


 *************** function _LCD_Clear *****************
 Defined at:
		line 21 in file "LCD.h"
 Parameters:    Size  Location     Type
		None
 Auto vars:     Size  Location     Type
		None
 Return value:  Size  Location     Type
                  1    wreg      void 
 Registers used:
		wreg, status,2, status,0, cstack
 Tracked objects:
		On entry : 
		On exit  : 
		Unchanged: 
 Data sizes:     COMRAM   BANK0   BANK1   BANK2   BANK3   BANK4   BANK5   BANK6   BANK7
      Params:         0       0       0       0       0       0       0       0       0
      Locals:         0       0       0       0       0       0       0       0       0
      Temps:          0       0       0       0       0       0       0       0       0
      Totals:         0       0       0       0       0       0       0       0       0
Total ram usage:        0 bytes
 Hardware stack levels used:    1
 Hardware stack levels required when called:    6
 This function calls:
		_LCD_Cmd
 This function is called by:
		_showClock
		_showLoadScreen
		_main
 This function uses a non-reentrant model


 *************** function _ds1307_getData *****************
 Defined at:
		line 109 in file "DS1307.h"
 Parameters:    Size  Location     Type
  buffer          2   29[COMRAM] PTR unsigned char 
		 -> main@RTC_data(8), 
 Auto vars:     Size  Location     Type
  j               2   31[COMRAM] int 
 Return value:  Size  Location     Type
                  1    wreg      void 
 Registers used:
		wreg, fsr2l, fsr2h, status,2, status,0, cstack
 Tracked objects:
		On entry : 
		On exit  : 
		Unchanged: 
 Data sizes:     COMRAM   BANK0   BANK1   BANK2   BANK3   BANK4   BANK5   BANK6   BANK7
      Params:         2       0       0       0       0       0       0       0       0
      Locals:         2       0       0       0       0       0       0       0       0
      Temps:          0       0       0       0       0       0       0       0       0
      Totals:         4       0       0       0       0       0       0       0       0
Total ram usage:        4 bytes
 Hardware stack levels used:    1
 Hardware stack levels required when called:    6
 This function calls:
		_I2CAck
		_I2CNak
		_I2CRead
		_I2CRestart
		_I2CSend
		_I2CStart
		_I2CStop
		_bcd2bin
 This function is called by:
		_main
 This function uses a non-reentrant model


 *************** function _bcd2bin *****************
 Defined at:
		line 6 in file "DS1307.h"
 Parameters:    Size  Location     Type
  bcd_value       1    wreg     unsigned char 
 Auto vars:     Size  Location     Type
  bcd_value       1   27[COMRAM] unsigned char 
  temp            1   28[COMRAM] unsigned char 
 Return value:  Size  Location     Type
                  1    wreg      unsigned char 
 Registers used:
		wreg, status,2, status,0
 Tracked objects:
		On entry : 
		On exit  : 
		Unchanged: 
 Data sizes:     COMRAM   BANK0   BANK1   BANK2   BANK3   BANK4   BANK5   BANK6   BANK7
      Params:         0       0       0       0       0       0       0       0       0
      Locals:         2       0       0       0       0       0       0       0       0
      Temps:          1       0       0       0       0       0       0       0       0
      Totals:         3       0       0       0       0       0       0       0       0
Total ram usage:        3 bytes
 Hardware stack levels used:    1
 Hardware stack levels required when called:    4
 This function calls:
		Nothing
 This function is called by:
		_ds1307_getData
		_ds1307_Init
 This function uses a non-reentrant model


 *************** function _I2CStop *****************
 Defined at:
		line 32 in file "I2C.h"
 Parameters:    Size  Location     Type
		None
 Auto vars:     Size  Location     Type
		None
 Return value:  Size  Location     Type
                  1    wreg      void 
 Registers used:
		None
 Tracked objects:
		On entry : 
		On exit  : 
		Unchanged: 
 Data sizes:     COMRAM   BANK0   BANK1   BANK2   BANK3   BANK4   BANK5   BANK6   BANK7
      Params:         0       0       0       0       0       0       0       0       0
      Locals:         0       0       0       0       0       0       0       0       0
      Temps:          0       0       0       0       0       0       0       0       0
      Totals:         0       0       0       0       0       0       0       0       0
Total ram usage:        0 bytes
 Hardware stack levels used:    1
 Hardware stack levels required when called:    4
 This function calls:
		Nothing
 This function is called by:
		_ds1307_getData
		_ds1307_Init
 This function uses a non-reentrant model


 *************** function _I2CStart *****************
 Defined at:
		line 19 in file "I2C.h"
 Parameters:    Size  Location     Type
		None
 Auto vars:     Size  Location     Type
		None
 Return value:  Size  Location     Type
                  1    wreg      void 
 Registers used:
		None
 Tracked objects:
		On entry : 
		On exit  : 
		Unchanged: 
 Data sizes:     COMRAM   BANK0   BANK1   BANK2   BANK3   BANK4   BANK5   BANK6   BANK7
      Params:         0       0       0       0       0       0       0       0       0
      Locals:         0       0       0       0       0       0       0       0       0
      Temps:          0       0       0       0       0       0       0       0       0
      Totals:         0       0       0       0       0       0       0       0       0
Total ram usage:        0 bytes
 Hardware stack levels used:    1
 Hardware stack levels required when called:    4
 This function calls:
		Nothing
 This function is called by:
		_ds1307_getData
		_ds1307_Init
 This function uses a non-reentrant model


 *************** function _I2CSend *****************
 Defined at:
		line 96 in file "I2C.h"
 Parameters:    Size  Location     Type
  dat             1    wreg     unsigned char 
 Auto vars:     Size  Location     Type
  dat             1   27[COMRAM] unsigned char 
 Return value:  Size  Location     Type
                  1    wreg      void 
 Registers used:
		wreg, status,2, status,0, cstack
 Tracked objects:
		On entry : 
		On exit  : 
		Unchanged: 
 Data sizes:     COMRAM   BANK0   BANK1   BANK2   BANK3   BANK4   BANK5   BANK6   BANK7
      Params:         0       0       0       0       0       0       0       0       0
      Locals:         1       0       0       0       0       0       0       0       0
      Temps:          0       0       0       0       0       0       0       0       0
      Totals:         1       0       0       0       0       0       0       0       0
Total ram usage:        1 bytes
 Hardware stack levels used:    1
 Hardware stack levels required when called:    5
 This function calls:
		_I2CWait
 This function is called by:
		_ds1307_getData
		_ds1307_Init
 This function uses a non-reentrant model


 *************** function _I2CRestart *****************
 Defined at:
		line 45 in file "I2C.h"
 Parameters:    Size  Location     Type
		None
 Auto vars:     Size  Location     Type
		None
 Return value:  Size  Location     Type
                  1    wreg      void 
 Registers used:
		None
 Tracked objects:
		On entry : 
		On exit  : 
		Unchanged: 
 Data sizes:     COMRAM   BANK0   BANK1   BANK2   BANK3   BANK4   BANK5   BANK6   BANK7
      Params:         0       0       0       0       0       0       0       0       0
      Locals:         0       0       0       0       0       0       0       0       0
      Temps:          0       0       0       0       0       0       0       0       0
      Totals:         0       0       0       0       0       0       0       0       0
Total ram usage:        0 bytes
 Hardware stack levels used:    1
 Hardware stack levels required when called:    4
 This function calls:
		Nothing
 This function is called by:
		_ds1307_getData
 This function uses a non-reentrant model


 *************** function _I2CRead *****************
 Defined at:
		line 109 in file "I2C.h"
 Parameters:    Size  Location     Type
		None
 Auto vars:     Size  Location     Type
  temp            1    0        unsigned char 
 Return value:  Size  Location     Type
                  1    wreg      unsigned char 
 Registers used:
		wreg, status,2, status,0, cstack
 Tracked objects:
		On entry : 
		On exit  : 
		Unchanged: 
 Data sizes:     COMRAM   BANK0   BANK1   BANK2   BANK3   BANK4   BANK5   BANK6   BANK7
      Params:         0       0       0       0       0       0       0       0       0
      Locals:         0       0       0       0       0       0       0       0       0
      Temps:          0       0       0       0       0       0       0       0       0
      Totals:         0       0       0       0       0       0       0       0       0
Total ram usage:        0 bytes
 Hardware stack levels used:    1
 Hardware stack levels required when called:    5
 This function calls:
		_I2CWait
 This function is called by:
		_ds1307_getData
		_ds1307_Init
 This function uses a non-reentrant model


 *************** function _I2CWait *****************
 Defined at:
		line 83 in file "I2C.h"
 Parameters:    Size  Location     Type
		None
 Auto vars:     Size  Location     Type
		None
 Return value:  Size  Location     Type
                  1    wreg      void 
 Registers used:
		wreg, status,2, status,0
 Tracked objects:
		On entry : 
		On exit  : 
		Unchanged: 
 Data sizes:     COMRAM   BANK0   BANK1   BANK2   BANK3   BANK4   BANK5   BANK6   BANK7
      Params:         0       0       0       0       0       0       0       0       0
      Locals:         0       0       0       0       0       0       0       0       0
      Temps:          1       0       0       0       0       0       0       0       0
      Totals:         1       0       0       0       0       0       0       0       0
Total ram usage:        1 bytes
 Hardware stack levels used:    1
 Hardware stack levels required when called:    4
 This function calls:
		Nothing
 This function is called by:
		_I2CSend
		_I2CRead
 This function uses a non-reentrant model


 *************** function _I2CNak *****************
 Defined at:
		line 70 in file "I2C.h"
 Parameters:    Size  Location     Type
		None
 Auto vars:     Size  Location     Type
		None
 Return value:  Size  Location     Type
                  1    wreg      void 
 Registers used:
		None
 Tracked objects:
		On entry : 
		On exit  : 
		Unchanged: 
 Data sizes:     COMRAM   BANK0   BANK1   BANK2   BANK3   BANK4   BANK5   BANK6   BANK7
      Params:         0       0       0       0       0       0       0       0       0
      Locals:         0       0       0       0       0       0       0       0       0
      Temps:          0       0       0       0       0       0       0       0       0
      Totals:         0       0       0       0       0       0       0       0       0
Total ram usage:        0 bytes
 Hardware stack levels used:    1
 Hardware stack levels required when called:    4
 This function calls:
		Nothing
 This function is called by:
		_ds1307_getData
 This function uses a non-reentrant model


 *************** function _I2CAck *****************
 Defined at:
		line 57 in file "I2C.h"
 Parameters:    Size  Location     Type
		None
 Auto vars:     Size  Location     Type
		None
 Return value:  Size  Location     Type
                  1    wreg      void 
 Registers used:
		None
 Tracked objects:
		On entry : 
		On exit  : 
		Unchanged: 
 Data sizes:     COMRAM   BANK0   BANK1   BANK2   BANK3   BANK4   BANK5   BANK6   BANK7
      Params:         0       0       0       0       0       0       0       0       0
      Locals:         0       0       0       0       0       0       0       0       0
      Temps:          0       0       0       0       0       0       0       0       0
      Totals:         0       0       0       0       0       0       0       0       0
Total ram usage:        0 bytes
 Hardware stack levels used:    1
 Hardware stack levels required when called:    4
 This function calls:
		Nothing
 This function is called by:
		_ds1307_getData
 This function uses a non-reentrant model


 *************** function _UART_Init *****************
 Defined at:
		line 4 in file "UART.h"
 Parameters:    Size  Location     Type
  baudrate        4   39[COMRAM] const long 
 Auto vars:     Size  Location     Type
  x               2   43[COMRAM] unsigned int 
 Return value:  Size  Location     Type
                  1    wreg      unsigned char 
 Registers used:
		wreg, status,2, status,0, cstack
 Tracked objects:
		On entry : 
		On exit  : 
		Unchanged: 
 Data sizes:     COMRAM   BANK0   BANK1   BANK2   BANK3   BANK4   BANK5   BANK6   BANK7
      Params:         4       0       0       0       0       0       0       0       0
      Locals:         2       0       0       0       0       0       0       0       0
      Temps:          0       8       0       0       0       0       0       0       0
      Totals:         6       8       0       0       0       0       0       0       0
Total ram usage:       14 bytes
 Hardware stack levels used:    1
 Hardware stack levels required when called:    5
 This function calls:
		___lldiv
 This function is called by:
		_main
 This function uses a non-reentrant model


 *************** function ___lldiv *****************
 Defined at:
		line 8 in file "C:\Program Files (x86)\Microchip\xc8\v1.37\sources\common\lldiv.c"
 Parameters:    Size  Location     Type
  dividend        4   26[COMRAM] unsigned long 
  divisor         4   30[COMRAM] unsigned long 
 Auto vars:     Size  Location     Type
  quotient        4   34[COMRAM] unsigned long 
  counter         1   38[COMRAM] unsigned char 
 Return value:  Size  Location     Type
                  4   26[COMRAM] unsigned long 
 Registers used:
		wreg, status,2, status,0
 Tracked objects:
		On entry : 
		On exit  : 
		Unchanged: 
 Data sizes:     COMRAM   BANK0   BANK1   BANK2   BANK3   BANK4   BANK5   BANK6   BANK7
      Params:         8       0       0       0       0       0       0       0       0
      Locals:         5       0       0       0       0       0       0       0       0
      Temps:          0       0       0       0       0       0       0       0       0
      Totals:        13       0       0       0       0       0       0       0       0
Total ram usage:       13 bytes
 Hardware stack levels used:    1
 Hardware stack levels required when called:    4
 This function calls:
		Nothing
 This function is called by:
		_UART_Init
 This function uses a non-reentrant model


 *************** function _LCD_Init *****************
 Defined at:
		line 45 in file "LCD.h"
 Parameters:    Size  Location     Type
		None
 Auto vars:     Size  Location     Type
		None
 Return value:  Size  Location     Type
                  1    wreg      void 
 Registers used:
		wreg, status,2, status,0, cstack
 Tracked objects:
		On entry : 
		On exit  : 
		Unchanged: 
 Data sizes:     COMRAM   BANK0   BANK1   BANK2   BANK3   BANK4   BANK5   BANK6   BANK7
      Params:         0       0       0       0       0       0       0       0       0
      Locals:         0       0       0       0       0       0       0       0       0
      Temps:          1       0       0       0       0       0       0       0       0
      Totals:         1       0       0       0       0       0       0       0       0
Total ram usage:        1 bytes
 Hardware stack levels used:    1
 Hardware stack levels required when called:    6
 This function calls:
		_LCD_Cmd
		_LCD_Port
 This function is called by:
		_main
 This function uses a non-reentrant model


 *************** function _LCD_Cmd *****************
 Defined at:
		line 12 in file "LCD.h"
 Parameters:    Size  Location     Type
  cmd             1    wreg     unsigned char 
 Auto vars:     Size  Location     Type
  cmd             1   29[COMRAM] unsigned char 
 Return value:  Size  Location     Type
                  1    wreg      void 
 Registers used:
		wreg, status,2, status,0, cstack
 Tracked objects:
		On entry : 
		On exit  : 
		Unchanged: 
 Data sizes:     COMRAM   BANK0   BANK1   BANK2   BANK3   BANK4   BANK5   BANK6   BANK7
      Params:         0       0       0       0       0       0       0       0       0
      Locals:         1       0       0       0       0       0       0       0       0
      Temps:          1       0       0       0       0       0       0       0       0
      Totals:         2       0       0       0       0       0       0       0       0
Total ram usage:        2 bytes
 Hardware stack levels used:    1
 Hardware stack levels required when called:    5
 This function calls:
		_LCD_Port
 This function is called by:
		_LCD_Clear
		_LCD_Set_Cursor
		_LCD_Init
		_LCD_ShiftRight
		_LCD_ShiftLeft
 This function uses a non-reentrant model


 *************** function _LCD_Port *****************
 Defined at:
		line 4 in file "LCD.h"
 Parameters:    Size  Location     Type
  a               1    wreg     unsigned char 
 Auto vars:     Size  Location     Type
  a               1   27[COMRAM] unsigned char 
 Return value:  Size  Location     Type
                  1    wreg      void 
 Registers used:
		wreg, status,2, status,0
 Tracked objects:
		On entry : 
		On exit  : 
		Unchanged: 
 Data sizes:     COMRAM   BANK0   BANK1   BANK2   BANK3   BANK4   BANK5   BANK6   BANK7
      Params:         0       0       0       0       0       0       0       0       0
      Locals:         1       0       0       0       0       0       0       0       0
      Temps:          1       0       0       0       0       0       0       0       0
      Totals:         2       0       0       0       0       0       0       0       0
Total ram usage:        2 bytes
 Hardware stack levels used:    1
 Hardware stack levels required when called:    4
 This function calls:
		Nothing
 This function is called by:
		_LCD_Cmd
		_LCD_Init
		_LCD_Write_Char
 This function uses a non-reentrant model


 *************** function _I2CInit *****************
 Defined at:
		line 4 in file "I2C.h"
 Parameters:    Size  Location     Type
		None
 Auto vars:     Size  Location     Type
		None
 Return value:  Size  Location     Type
                  1    wreg      void 
 Registers used:
		wreg, status,2, status,0
 Tracked objects:
		On entry : 
		On exit  : 
		Unchanged: 
 Data sizes:     COMRAM   BANK0   BANK1   BANK2   BANK3   BANK4   BANK5   BANK6   BANK7
      Params:         0       0       0       0       0       0       0       0       0
      Locals:         0       0       0       0       0       0       0       0       0
      Temps:          0       0       0       0       0       0       0       0       0
      Totals:         0       0       0       0       0       0       0       0       0
Total ram usage:        0 bytes
 Hardware stack levels used:    1
 Hardware stack levels required when called:    4
 This function calls:
		Nothing
 This function is called by:
		_main
 This function uses a non-reentrant model


 *************** function _UART_ISR *****************
 Defined at:
		line 106 in file "Main.c"
 Parameters:    Size  Location     Type
		None
 Auto vars:     Size  Location     Type
  c               1   25[COMRAM] unsigned char 
 Return value:  Size  Location     Type
                  1    wreg      void 
 Registers used:
		wreg, fsr0l, fsr0h, fsr2l, fsr2h, status,2, status,0, tblptrl, tblptrh, tblptru, cstack
 Tracked objects:
		On entry : 
		On exit  : 
		Unchanged: 
 Data sizes:     COMRAM   BANK0   BANK1   BANK2   BANK3   BANK4   BANK5   BANK6   BANK7
      Params:         0       0       0       0       0       0       0       0       0
      Locals:         1       0       0       0       0       0       0       0       0
      Temps:         14       0       0       0       0       0       0       0       0
      Totals:        15       0       0       0       0       0       0       0       0
Total ram usage:       15 bytes
 Hardware stack levels used:    1
 Hardware stack levels required when called:    3
 This function calls:
		_UART_Read
		_clearBuffer
		_ds1307_setData
		i2_LCD_Clear
		i2_LCD_Set_Cursor
		i2_LCD_Write_String
		i2_delay_ms
 This function is called by:
		Interrupt level 2
 This function uses a non-reentrant model


 *************** function i2_delay_ms *****************
 Defined at:
		line 89 in file "Main.c"
 Parameters:    Size  Location     Type
  duration        2    0[COMRAM] unsigned int 
 Auto vars:     Size  Location     Type
  delay_ms        2    3[COMRAM] int 
 Return value:  Size  Location     Type
[...]
      Params:         2       0       0       0       0       0       0       0       0
      Locals:         2       0       0       0       0       0       0       0       0
      Temps:          1       0       0       0       0       0       0       0       0
      Totals:         5       0       0       0       0       0       0       0       0
Total ram usage:        5 bytes
 Hardware stack levels used:    1
 This function calls:
		Nothing
 This function is called by:
		_UART_ISR
 This function uses a non-reentrant model


 *************** function i2_LCD_Write_String *****************
 Defined at:
		line 78 in file "LCD.h"
 Parameters:    Size  Location     Type
  str             2    5[COMRAM] PTR unsigned char 
		 -> STR_12(16), STR_11(15), STR_10(16), showLoadScreen@s(10), 
		 -> STR_7(11), STR_6(16), STR_5(17), STR_4(4), 
		 -> STR_3(17), STR_2(17), STR_1(17), uartBuffer(16), 
 Auto vars:     Size  Location     Type
  LCD_Write_St    2    9[COMRAM] int 
 Return value:  Size  Location     Type
                  1    wreg      void 
 Registers used:
		wreg, fsr0l, fsr0h, status,2, status,0, tblptrl, tblptrh, tblptru, cstack
 Tracked objects:
		On entry : 
		On exit  : 
		Unchanged: 
 Data sizes:     COMRAM   BANK0   BANK1   BANK2   BANK3   BANK4   BANK5   BANK6   BANK7
      Params:         2       0       0       0       0       0       0       0       0
      Locals:         2       0       0       0       0       0       0       0       0
      Temps:          2       0       0       0       0       0       0       0       0
      Totals:         6       0       0       0       0       0       0       0       0
Total ram usage:        6 bytes
 Hardware stack levels used:    1
 Hardware stack levels required when called:    2
 This function calls:
		i2_LCD_Write_Char
 This function is called by:
		_UART_ISR
 This function uses a non-reentrant model


 *************** function i2_LCD_Write_Char *****************
 Defined at:
		line 63 in file "LCD.h"
 Parameters:    Size  Location     Type
  c               1    wreg     unsigned char 
 Auto vars:     Size  Location     Type
  c               1    4[COMRAM] unsigned char 
  LCD_Write_Ch    1    3[COMRAM] unsigned char 
  LCD_Write_Ch    1    2[COMRAM] unsigned char 
 Return value:  Size  Location     Type
                  1    wreg      void 
 Registers used:
		wreg, status,2, status,0, cstack
 Tracked objects:
		On entry : 
		On exit  : 
		Unchanged: 
 Data sizes:     COMRAM   BANK0   BANK1   BANK2   BANK3   BANK4   BANK5   BANK6   BANK7
      Params:         0       0       0       0       0       0       0       0       0
      Locals:         3       0       0       0       0       0       0       0       0
      Temps:          0       0       0       0       0       0       0       0       0
      Totals:         3       0       0       0       0       0       0       0       0
Total ram usage:        3 bytes
 Hardware stack levels used:    1
 Hardware stack levels required when called:    1
 This function calls:
		i2_LCD_Port
 This function is called by:
		i2_LCD_Write_String
 This function uses a non-reentrant model


 *************** function i2_LCD_Set_Cursor *****************
 Defined at:
		line 27 in file "LCD.h"
 Parameters:    Size  Location     Type
  y               1    wreg     unsigned char 
  x               1    4[COMRAM] unsigned char 
 Auto vars:     Size  Location     Type
  y               1    5[COMRAM] unsigned char 
  LCD_Set_Curs    1    8[COMRAM] unsigned char 
  LCD_Set_Curs    1    7[COMRAM] unsigned char 
  LCD_Set_Curs    1    6[COMRAM] unsigned char 
 Return value:  Size  Location     Type
                  1    wreg      void 
 Registers used:
		wreg, status,2, status,0, cstack
 Tracked objects:
		On entry : 
		On exit  : 
		Unchanged: 
 Data sizes:     COMRAM   BANK0   BANK1   BANK2   BANK3   BANK4   BANK5   BANK6   BANK7
      Params:         1       0       0       0       0       0       0       0       0
      Locals:         4       0       0       0       0       0       0       0       0
      Temps:          0       0       0       0       0       0       0       0       0
      Totals:         5       0       0       0       0       0       0       0       0
Total ram usage:        5 bytes
 Hardware stack levels used:    1
 Hardware stack levels required when called:    2
 This function calls:
		i2_LCD_Cmd
 This function is called by:
		_UART_ISR
 This function uses a non-reentrant model


 *************** function i2_LCD_Clear *****************
 Defined at:
		line 21 in file "LCD.h"
 Parameters:    Size  Location     Type
		None
 Auto vars:     Size  Location     Type
		None
 Return value:  Size  Location     Type
                  1    wreg      void 
 Registers used:
		wreg, status,2, status,0, cstack
 Tracked objects:
		On entry : 
		On exit  : 
		Unchanged: 
 Data sizes:     COMRAM   BANK0   BANK1   BANK2   BANK3   BANK4   BANK5   BANK6   BANK7
      Params:         0       0       0       0       0       0       0       0       0
      Locals:         0       0       0       0       0       0       0       0       0
      Temps:          0       0       0       0       0       0       0       0       0
      Totals:         0       0       0       0       0       0       0       0       0
Total ram usage:        0 bytes
 Hardware stack levels used:    1
 Hardware stack levels required when called:    2
 This function calls:
		i2_LCD_Cmd
 This function is called by:
		_UART_ISR
 This function uses a non-reentrant model


 *************** function i2_LCD_Cmd *****************
 Defined at:
		line 12 in file "LCD.h"
 Parameters:    Size  Location     Type
  cmd             1    wreg     unsigned char 
 Auto vars:     Size  Location     Type
  cmd             1    3[COMRAM] unsigned char 
 Return value:  Size  Location     Type
                  1    wreg      void 
 Registers used:
		wreg, status,2, status,0, cstack
 Tracked objects:
		On entry : 
		On exit  : 
		Unchanged: 
 Data sizes:     COMRAM   BANK0   BANK1   BANK2   BANK3   BANK4   BANK5   BANK6   BANK7
      Params:         0       0       0       0       0       0       0       0       0
      Locals:         1       0       0       0       0       0       0       0       0
      Temps:          1       0       0       0       0       0       0       0       0
      Totals:         2       0       0       0       0       0       0       0       0
Total ram usage:        2 bytes
 Hardware stack levels used:    1
 Hardware stack levels required when called:    1
 This function calls:
		i2_LCD_Port
 This function is called by:
		i2_LCD_Clear
		i2_LCD_Set_Cursor
 This function uses a non-reentrant model


 *************** function i2_LCD_Port *****************
 Defined at:
		line 4 in file "LCD.h"
 Parameters:    Size  Location     Type
  a               1    wreg     unsigned char 
 Auto vars:     Size  Location     Type
  a               1    1[COMRAM] unsigned char 
 Return value:  Size  Location     Type
                  1    wreg      void 
 Registers used:
		wreg, status,2, status,0
 Tracked objects:
		On entry : 
		On exit  : 
		Unchanged: 
 Data sizes:     COMRAM   BANK0   BANK1   BANK2   BANK3   BANK4   BANK5   BANK6   BANK7
      Params:         0       0       0       0       0       0       0       0       0
      Locals:         1       0       0       0       0       0       0       0       0
      Temps:          1       0       0       0       0       0       0       0       0
      Totals:         2       0       0       0       0       0       0       0       0
Total ram usage:        2 bytes
 Hardware stack levels used:    1
 This function calls:
		Nothing
 This function is called by:
		i2_LCD_Cmd
		i2_LCD_Write_Char
 This function uses a non-reentrant model


 *************** function _ds1307_setData *****************
 Defined at:
		line 82 in file "DS1307.h"
 Parameters:    Size  Location     Type
  iData           2    3[COMRAM] PTR unsigned char 
		 -> uartBuffer(16), 
 Auto vars:     Size  Location     Type
  j               2    5[COMRAM] int 
 Return value:  Size  Location     Type
                  1    wreg      void 
 Registers used:
		wreg, fsr2l, fsr2h, status,2, status,0, cstack
 Tracked objects:
		On entry : 
		On exit  : 
		Unchanged: 
 Data sizes:     COMRAM   BANK0   BANK1   BANK2   BANK3   BANK4   BANK5   BANK6   BANK7
      Params:         2       0       0       0       0       0       0       0       0
      Locals:         2       0       0       0       0       0       0       0       0
      Temps:          0       0       0       0       0       0       0       0       0
      Totals:         4       0       0       0       0       0       0       0       0
Total ram usage:        4 bytes
 Hardware stack levels used:    1
 Hardware stack levels required when called:    2
 This function calls:
		_bin2bcd
		i2_I2CSend
		i2_I2CStart
		i2_I2CStop
 This function is called by:
		_UART_ISR
 This function uses a non-reentrant model


 *************** function i2_I2CStop *****************
 Defined at:
		line 32 in file "I2C.h"
 Parameters:    Size  Location     Type
		None
 Auto vars:     Size  Location     Type
		None
 Return value:  Size  Location     Type
                  1    wreg      void 
 Registers used:
		None
 Tracked objects:
		On entry : 
		On exit  : 
		Unchanged: 
 Data sizes:     COMRAM   BANK0   BANK1   BANK2   BANK3   BANK4   BANK5   BANK6   BANK7
      Params:         0       0       0       0       0       0       0       0       0
      Locals:         0       0       0       0       0       0       0       0       0
      Temps:          0       0       0       0       0       0       0       0       0
      Totals:         0       0       0       0       0       0       0       0       0
Total ram usage:        0 bytes
 Hardware stack levels used:    1
 This function calls:
		Nothing
 This function is called by:
		_ds1307_setData
 This function uses a non-reentrant model


 *************** function i2_I2CStart *****************
 Defined at:
		line 19 in file "I2C.h"
 Parameters:    Size  Location     Type
		None
 Auto vars:     Size  Location     Type
		None
 Return value:  Size  Location     Type
                  1    wreg      void 
 Registers used:
		None
 Tracked objects:
		On entry : 
		On exit  : 
		Unchanged: 
 Data sizes:     COMRAM   BANK0   BANK1   BANK2   BANK3   BANK4   BANK5   BANK6   BANK7
      Params:         0       0       0       0       0       0       0       0       0
      Locals:         0       0       0       0       0       0       0       0       0
      Temps:          0       0       0       0       0       0       0       0       0
      Totals:         0       0       0       0       0       0       0       0       0
Total ram usage:        0 bytes
 Hardware stack levels used:    1
 This function calls:
		Nothing
 This function is called by:
		_ds1307_setData
 This function uses a non-reentrant model


 *************** function i2_I2CSend *****************
 Defined at:
		line 96 in file "I2C.h"
 Parameters:    Size  Location     Type
  dat             1    wreg     unsigned char 
 Auto vars:     Size  Location     Type
  dat             1    1[COMRAM] unsigned char 
 Return value:  Size  Location     Type
                  1    wreg      void 
 Registers used:
		wreg, status,2, status,0, cstack
 Tracked objects:
		On entry : 
		On exit  : 
		Unchanged: 
 Data sizes:     COMRAM   BANK0   BANK1   BANK2   BANK3   BANK4   BANK5   BANK6   BANK7
      Params:         0       0       0       0       0       0       0       0       0
      Locals:         1       0       0       0       0       0       0       0       0
      Temps:          0       0       0       0       0       0       0       0       0
      Totals:         1       0       0       0       0       0       0       0       0
Total ram usage:        1 bytes
 Hardware stack levels used:    1
 Hardware stack levels required when called:    1
 This function calls:
		i2_I2CWait
 This function is called by:
		_ds1307_setData
 This function uses a non-reentrant model


 *************** function i2_I2CWait *****************
 Defined at:
		line 83 in file "I2C.h"
 Parameters:    Size  Location     Type
		None
 Auto vars:     Size  Location     Type
		None
 Return value:  Size  Location     Type
                  1    wreg      void 
 Registers used:
		wreg, status,2, status,0
 Tracked objects:
		On entry : 
		On exit  : 
		Unchanged: 
 Data sizes:     COMRAM   BANK0   BANK1   BANK2   BANK3   BANK4   BANK5   BANK6   BANK7
      Params:         0       0       0       0       0       0       0       0       0
      Locals:         0       0       0       0       0       0       0       0       0
      Temps:          1       0       0       0       0       0       0       0       0
      Totals:         1       0       0       0       0       0       0       0       0
Total ram usage:        1 bytes
 Hardware stack levels used:    1
 This function calls:
		Nothing
 This function is called by:
		i2_I2CSend
 This function uses a non-reentrant model


 *************** function _bin2bcd *****************
 Defined at:
		line 15 in file "DS1307.h"
 Parameters:    Size  Location     Type
  binary_value    1    wreg     unsigned char 
 Auto vars:     Size  Location     Type
  binary_value    1    0[COMRAM] unsigned char 
  temp            1    2[COMRAM] unsigned char 
  retval          1    1[COMRAM] unsigned char 
 Return value:  Size  Location     Type
                  1    wreg      unsigned char 
 Registers used:
		wreg, status,2, status,0
 Tracked objects:
		On entry : 
		On exit  : 
		Unchanged: 
 Data sizes:     COMRAM   BANK0   BANK1   BANK2   BANK3   BANK4   BANK5   BANK6   BANK7
      Params:         0       0       0       0       0       0       0       0       0
      Locals:         3       0       0       0       0       0       0       0       0
      Temps:          0       0       0       0       0       0       0       0       0
      Totals:         3       0       0       0       0       0       0       0       0
Total ram usage:        3 bytes
 Hardware stack levels used:    1
 This function calls:
		Nothing
 This function is called by:
		_ds1307_setData
		_ds1307_Init
 This function uses a non-reentrant model


 *************** function _clearBuffer *****************
 Defined at:
		line 99 in file "Main.c"
 Parameters:    Size  Location     Type
  buffer          2    0[COMRAM] PTR unsigned char 
		 -> uartBuffer(16), 
  bufferSize      2    2[COMRAM] unsigned int 
 Auto vars:     Size  Location     Type
  i               2    4[COMRAM] int 
 Return value:  Size  Location     Type
                  1    wreg      void 
 Registers used:
		wreg, fsr2l, fsr2h, status,2, status,0
 Tracked objects:
		On entry : 
		On exit  : 
		Unchanged: 
 Data sizes:     COMRAM   BANK0   BANK1   BANK2   BANK3   BANK4   BANK5   BANK6   BANK7
      Params:         4       0       0       0       0       0       0       0       0
      Locals:         2       0       0       0       0       0       0       0       0
      Temps:          0       0       0       0       0       0       0       0       0
      Totals:         6       0       0       0       0       0       0       0       0
Total ram usage:        6 bytes
 Hardware stack levels used:    1
 This function calls:
		Nothing
 This function is called by:
		_UART_ISR
 This function uses a non-reentrant model


 *************** function _UART_Read *****************
 Defined at:
		line 40 in file "UART.h"
 Parameters:    Size  Location     Type
		None
 Auto vars:     Size  Location     Type
		None
 Return value:  Size  Location     Type
                  1    wreg      unsigned char 
 Registers used:
		wreg, status,2
 Tracked objects:
		On entry : 
		On exit  : 
		Unchanged: 
 Data sizes:     COMRAM   BANK0   BANK1   BANK2   BANK3   BANK4   BANK5   BANK6   BANK7
      Params:         0       0       0       0       0       0       0       0       0
      Locals:         0       0       0       0       0       0       0       0       0
      Temps:          0       0       0       0       0       0       0       0       0
      Totals:         0       0       0       0       0       0       0       0       0
Total ram usage:        0 bytes
 Hardware stack levels used:    1
 This function calls:
		Nothing
 This function is called by:
		_UART_ISR
		_UART_Read_Text
 This function uses a non-reentrant model



MODULE INFORMATION

Module		Function		Class		Link	Load	Size
LCD.h
		_LCD_Init      		CODE           	13F6	0000	115
		_LCD_Write_Char		CODE           	17BE	0000	57
		_LCD_Cmd       		CODE           	18F6	0000	33
		_LCD_Set_Cursor		CODE           	16DC	0000	81
		_LCD_Clear     		CODE           	19A8	0000	15
		_LCD_Port      		CODE           	154A	0000	109
		_LCD_Write_String		CODE           	1384	0000	115

LCD.h estimated size: 525

UART.h
		_UART_Read     		CODE           	1A0E	0000	9
		_UART_Init     		CODE           	0EC0	0000	329

UART.h estimated size: 338

C:\Program Files (x86)\Microchip\xc8\v1.37\sources\common\doprnt.c
		_sprintf       		CODE           	1008	0000	325

C:\Program Files (x86)\Microchip\xc8\v1.37\sources\common\doprnt.c estimated size: 325

C:\Program Files (x86)\Microchip\xc8\v1.37\sources\common\lwdiv.c
		___lwdiv       		CODE           	168A	0000	83

C:\Program Files (x86)\Microchip\xc8\v1.37\sources\common\lwdiv.c estimated size: 83

C:\Program Files (x86)\Microchip\xc8\v1.37\sources\common\awdiv.c
		___awdiv       		CODE           	127E	0000	133

C:\Program Files (x86)\Microchip\xc8\v1.37\sources\common\awdiv.c estimated size: 133

I2C.h
		_I2CNak        		CODE           	19D2	0000	11
		_I2CStop       		CODE           	19E6	0000	9
		_I2CAck        		CODE           	19DC	0000	11
		_I2CRead       		CODE           	19B6	0000	15
		_I2CRestart    		CODE           	19F6	0000	9
		_I2CStart      		CODE           	19EE	0000	9
		_I2CWait       		CODE           	1954	0000	19
		_I2CInit       		CODE           	1988	0000	17
		_I2CSend       		CODE           	1978	0000	17

I2C.h estimated size: 117

C:\Program Files (x86)\Microchip\xc8\v1.37\sources\common\lldiv.c
		___lldiv       		CODE           	1302	0000	131

C:\Program Files (x86)\Microchip\xc8\v1.37\sources\common\lldiv.c estimated size: 131

Main.c
		_main          		CODE           	11F2	0000	141
		_showClock     		CODE           	0890	0000	623
		_UART_ISR      		CODE           	0008	0000	473
		_delay_ms      		CODE           	182E	0000	45
		_showLoadScreen		CODE           	0AFE	0000	505
		_clearBuffer   		CODE           	1886	0000	45

Main.c estimated size: 1832

shared
		i2_I2CStop     		CODE           	19FE	0000	9
		i2_I2CStart    		CODE           	1A06	0000	9
		i2_LCD_Write_Char		CODE           	17F6	0000	57
		i2_LCD_Port    		CODE           	15B6	0000	109
		i2_LCD_Cmd     		CODE           	1916	0000	33
		i2_LCD_Clear   		CODE           	19C4	0000	15
		_dpowers       		SMALLCONST     	0801	0000	11
		i2_I2CWait     		CODE           	1966	0000	19
		i2_LCD_Set_Cursor		CODE           	172C	0000	81
		__initialization		CODE           	1936	0000	17
		i2_LCD_Write_String		CODE           	1468	0000	115
		i2_I2CSend     		CODE           	1998	0000	17
		i2_delay_ms    		CODE           	185A	0000	45

shared estimated size: 537

DS1307.h
		_bin2bcd       		CODE           	18D4	0000	35
		_bcd2bin       		CODE           	18B2	0000	35
		_ds1307_getData		CODE           	1622	0000	105
		_ds1307_setData		CODE           	114C	0000	167

DS1307.h estimated size: 342

C:\Program Files (x86)\Microchip\xc8\v1.37\sources\common\lwmod.c
		___lwmod       		CODE           	177C	0000	67

C:\Program Files (x86)\Microchip\xc8\v1.37\sources\common\lwmod.c estimated size: 67

C:\Program Files (x86)\Microchip\xc8\v1.37\sources\common\awmod.c
		___awmod       		CODE           	14DA	0000	113

C:\Program Files (x86)\Microchip\xc8\v1.37\sources\common\awmod.c estimated size: 113

